exports[`Remote renders correctly 1`] = `
<Page
  instance={
    Object {
      "context": undefined,
      "id": 44000000000,
      "site": "ward.bay.wiki.org",
      "slug": "active-journal",
      "story": undefined,
      "title": undefined,
    }
  } />
`;
